\BOOKMARK [1][-]{section.1}{\376\377\000W\000h\000a\000t\000\040\000i\000s\000\040\000t\000h\000i\000s\000\040\000m\000o\000d\000e\000l\000?}{}% 1
\BOOKMARK [1][-]{section.2}{\376\377\000H\000o\000w\000\040\000t\000h\000e\000\040\000m\000o\000d\000e\000l\000\040\000w\000o\000r\000k\000s\000\040\000\050\000b\000r\000i\000e\000f\000\051}{}% 2
\BOOKMARK [2][-]{subsection.2.1}{\376\377\000C\000h\000a\000n\000n\000e\000l\000\040\0001\000\040\040\024\000\040\000T\000o\000o\000t\000h\000-\000f\000l\000a\000n\000k\000\040\000f\000r\000i\000c\000t\000i\000o\000n}{section.2}% 3
\BOOKMARK [2][-]{subsection.2.2}{\376\377\000C\000h\000a\000n\000n\000e\000l\000\040\0002\000\040\040\024\000\040\000W\000a\000v\000e\000-\000g\000e\000n\000e\000r\000a\000t\000o\000r\000\040\000b\000e\000a\000r\000i\000n\000g\000\040\000d\000r\000a\000g}{section.2}% 4
\BOOKMARK [2][-]{subsection.2.3}{\376\377\000C\000h\000a\000n\000n\000e\000l\000\040\0003\000\040\040\024\000\040\000C\000h\000u\000r\000n\000,\000\040\000s\000e\000a\000l\000,\000\040\000a\000n\000d\000\040\000g\000r\000e\000a\000s\000e\000\040\000d\000r\000a\000g\000\040\000\050\000l\000o\000a\000d\000-\000f\000r\000e\000e\000\040\000l\000o\000s\000s\000e\000s\000\051}{section.2}% 5
\BOOKMARK [1][-]{section.3}{\376\377\000R\000e\000q\000u\000i\000r\000e\000d\000\040\000i\000n\000p\000u\000t\000s}{}% 6
\BOOKMARK [1][-]{section.4}{\376\377\000O\000u\000t\000p\000u\000t\000s\000\040\000f\000r\000o\000m\000\040\000s\000o\000l\000v\000e\000\050\000\051}{}% 7
\BOOKMARK [1][-]{section.5}{\376\377\000Q\000u\000i\000c\000k\000\040\000s\000t\000a\000r\000t\000\040\000i\000n\000\040\000P\000y\000t\000h\000o\000n}{}% 8
\BOOKMARK [2][-]{subsection.5.1}{\376\377\000S\000i\000n\000g\000l\000e\000\040\000o\000p\000e\000r\000a\000t\000i\000n\000g\000-\000p\000o\000i\000n\000t\000\040\000q\000u\000e\000r\000y}{section.5}% 9
\BOOKMARK [2][-]{subsection.5.2}{\376\377\000C\000a\000t\000a\000l\000o\000g\000u\000e\000-\000p\000r\000e\000s\000e\000t\000\040\000t\000w\000i\000n\000\040\000f\000o\000r\000\040\000a\000\040\000s\000p\000e\000c\000i\000f\000i\000c\000\040\000s\000i\000z\000e}{section.5}% 10
\BOOKMARK [2][-]{subsection.5.3}{\376\377\000E\000f\000f\000i\000c\000i\000e\000n\000c\000y\000\040\000m\000a\000p\000\040\000o\000v\000e\000r\000\040\000a\000\040\0002\000-\000D\000\040\000o\000p\000e\000r\000a\000t\000i\000n\000g\000\040\000r\000a\000n\000g\000e}{section.5}% 11
\BOOKMARK [1][-]{section.6}{\376\377\000I\000s\000a\000a\000c\000\040\000S\000i\000m\000\040\0006\000\040\000i\000n\000t\000e\000g\000r\000a\000t\000i\000o\000n}{}% 12
\BOOKMARK [2][-]{subsection.6.1}{\376\377\000O\000v\000e\000r\000v\000i\000e\000w}{section.6}% 13
\BOOKMARK [2][-]{subsection.6.2}{\376\377\000I\000n\000s\000t\000a\000l\000l\000i\000n\000g\000\040\000t\000h\000e\000\040\000t\000w\000i\000n\000\040\000i\000n\000t\000o\000\040\000I\000s\000a\000a\000c\000\040\000S\000i\000m\000\040\0006}{section.6}% 14
\BOOKMARK [2][-]{subsection.6.3}{\376\377\000M\000i\000n\000i\000m\000a\000l\000\040\000e\000m\000b\000e\000d\000d\000i\000n\000g\000\040\000t\000e\000m\000p\000l\000a\000t\000e}{section.6}% 15
\BOOKMARK [2][-]{subsection.6.4}{\376\377\000I\000m\000p\000o\000r\000t\000a\000n\000t\000\040\000n\000o\000t\000e\000s\000\040\000f\000o\000r\000\040\000I\000s\000a\000a\000c\000\040\000S\000i\000m\000\040\0006\000\040\000/\000\040\000N\000e\000w\000t\000o\000n}{section.6}% 16
\BOOKMARK [1][-]{section.7}{\376\377\000P\000e\000n\000d\000u\000l\000u\000m\000\040\000v\000e\000r\000i\000f\000i\000c\000a\000t\000i\000o\000n\000\040\000r\000u\000n}{}% 17
\BOOKMARK [2][-]{subsection.7.1}{\376\377\000E\000x\000p\000e\000c\000t\000e\000d\000\040\000r\000e\000s\000u\000l\000t}{section.7}% 18
\BOOKMARK [2][-]{subsection.7.2}{\376\377\000H\000o\000w\000\040\000t\000o\000\040\000r\000e\000a\000d\000\040\000t\000h\000e\000\040\000p\000l\000o\000t\000s}{section.7}% 19
\BOOKMARK [1][-]{section.8}{\376\377\000C\000a\000l\000i\000b\000r\000a\000t\000i\000o\000n\000\040\000p\000a\000r\000a\000m\000e\000t\000e\000r\000s\000\040\000\050\000f\000o\000r\000\040\000r\000e\000f\000e\000r\000e\000n\000c\000e\000\051}{}% 20
\BOOKMARK [1][-]{section.9}{\376\377\000R\000u\000n\000n\000i\000n\000g\000\040\000t\000h\000e\000\040\000t\000e\000s\000t\000s}{}% 21
\BOOKMARK [1][-]{section.10}{\376\377\000T\000r\000o\000u\000b\000l\000e\000s\000h\000o\000o\000t\000i\000n\000g}{}% 22
